// Jest Snapshot v1, https://goo.gl/fbAQLP

exports[`activity-box updates the Gist with the expected string 1`] = `
Object {
  "content": "❗️ Opened issue #1 in clippy/take-over-github
🗣 Commented on #1 in clippy/take-over-github
🎉 Merged PR #2 in clippy/take-over-github
❌ Closed PR #3 in clippy/take-over-github
💪 Opened PR #3 in clippy/really-really-really-really-really...",
}
`;
